// Jest Snapshot v1, https://goo.gl/fbAQLP

exports[`Pruebas en GrifGridItem.js Debe mostrar el componente correctamente 1`] = `
<div
  className="card animate__animated animate__fadeIn animate__delay-1s"
>
  <img
    alt="Un titulo"
    src="https://www.googleapis.com"
  />
  <p>
    Un titulo
  </p>
</div>
`;
